  % Total    % Received % Xferd  Average Speed   Time    Time     Time  Current
                                 Dload  Upload   Total   Spent    Left  Speed
  0     0    0     0    0     0      0      0 --:--:-- --:--:-- --:--:--     0100    65  100    65    0     0     88      0 --:--:-- --:--:-- --:--:--    88100    65  100    65    0     0     88      0 --:--:-- --:--:-- --:--:--    88
{"preferenceId":"266034102-6ac9f5d2-85b0-48f4-960a-4da1136d23f9"}